// Jest Snapshot v1, https://goo.gl/fbAQLP

exports[`ProgressBar should be rendered correctly 1`] = `
<div
  className="root size-12"
>
  <div
    className="bar"
  />
</div>
`;

exports[`ProgressBar should be rendered correctly with props 1`] = `
<div
  className="root size-24"
>
  <div
    className="bar"
  />
</div>
`;
