// Jest Snapshot v1, https://goo.gl/fbAQLP

exports[`IndicatorBar should be rendered correctly 1`] = `
<div
  className="root root size-12"
>
  <div
    className="bar"
  />
</div>
`;

exports[`IndicatorBar should be rendered correctly with props 1`] = `
<div
  className="root size-12 root container"
>
  <div
    aria-valuemax={100}
    aria-valuemin={0}
    aria-valuenow={20}
    className="bar bar"
    role="progressbar"
    style={
      Object {
        "width": "20%",
      }
    }
  />
</div>
`;
